C:\ST\STM32CubeIDE_1.16.0\STM32CubeIDE\plugins\com.st.stm32cube.ide.mcu.externaltools.gnu-tools-for-stm32.12.3.rel1.win32_1.0.200.202406191623\tools\bin/../lib/gcc/arm-none-eabi/12.3.1/../../../../arm-none-eabi/include/stdio.h:220:5:fputc	16	static
../Core/Src/main.c:72:5:__io_putchar	16	static
../Core/Src/main.c:101:10:adc_read_channel	40	static
../Core/Src/main.c:119:6:get_user_pos	24	static
../Core/Src/main.c:146:5:main	120	static
../Core/Src/main.c:267:6:SystemClock_Config	88	static
../Core/Src/main.c:314:13:MX_ADC1_Init	24	static
../Core/Src/main.c:366:13:MX_SPI2_Init	8	static
../Core/Src/main.c:404:13:MX_USART2_UART_Init	8	static
../Core/Src/main.c:437:13:MX_GPIO_Init	48	static
../Core/Src/main.c:493:6:Error_Handler	4	static,ignoring_inline_asm
